******************************************************************************
                  TI ARM Linker Unix v20.2.7                   
******************************************************************************
>> Linked Mon Jun 15 12:45:13 2026

OUTPUT FILE NAME:   <CAN_MODULAR.out>
ENTRY POINT SYMBOL: "_c_int00_noargs"  address: 00001261


MEMORY CONFIGURATION

         name            origin    length      used     unused   attr    fill
----------------------  --------  ---------  --------  --------  ----  --------
  FLASH                 00000000   00100000  00001302  000fecfe  R  X
  SRAM                  20000000   00040000  00001e56  0003e1aa  RW X


SEGMENT ALLOCATION MAP

run origin  load origin   length   init length attrs members
----------  ----------- ---------- ----------- ----- -------
00000000    00000000    00001308   00001308    r-x
  00000000    00000000    00000208   00000208    r-- .intvecs
  00000208    00000208    000010ba   000010ba    r-x .text
  000012c8    000012c8    00000040   00000040    r-- .cinit
20000000    20000000    00001e58   00000000    rw-
  20000000    20000000    00001c2e   00000000    rw- .bss
  20001c30    20001c30    00000200   00000000    rw- .stack
  20001e30    20001e30    00000028   00000000    rw- .data


SECTION ALLOCATION MAP

 output                                  attributes/
section   page    origin      length       input sections
--------  ----  ----------  ----------   ----------------
.intvecs   0    00000000    00000208     
                  00000000    00000208     tm4c1294ncpdt_startup_ccs.obj (.intvecs)

.text      0    00000208    000010ba     
                  00000208    00000648     NVIC.obj (.text)
                  00000850    000005d0     IEEE_CAN.obj (.text)
                  00000e20    000001dc     GPIO.obj (.text)
                  00000ffc    000000a0     CAN.obj (.text)
                  0000109c    0000009c     rtsv7M4_T_le_v4SPD16_eabi.lib : memcpy_t2.asm.obj (.text)
                  00001138    0000007a                                   : memset_t2.asm.obj (.text)
                  000011b2    00000068                                   : copy_decompress_lzss.c.obj (.text:decompress:lzss:__TI_decompress_lzss)
                  0000121a    00000002     --HOLE-- [fill = 0]
                  0000121c    00000044                                   : autoinit.c.obj (.text:__TI_auto_init_nobinit_nopinit:__TI_auto_init_nobinit_nopinit)
                  00001260    00000034                                   : boot_cortex_m.c.obj (.text:_c_int00_noargs:_c_int00_noargs)
                  00001294    0000000e                                   : copy_decompress_none.c.obj (.text:decompress:none:__TI_decompress_none)
                  000012a2    0000000c                                   : copy_zero_init.c.obj (.text:decompress:ZI:__TI_zero_init)
                  000012ae    0000000c     tm4c1294ncpdt_startup_ccs.obj (.text)
                  000012ba    00000004     rtsv7M4_T_le_v4SPD16_eabi.lib : pre_init.c.obj (.text:_system_pre_init)
                  000012be    00000004                                   : exit.c.obj (.text:abort:abort)

.cinit     0    000012c8    00000040     
                  000012c8    00000016     (.cinit..data.load) [load image, compression = lzss]
                  000012de    00000002     --HOLE-- [fill = 0]
                  000012e0    0000000c     (__TI_handler_table)
                  000012ec    00000004     --HOLE-- [fill = 0]
                  000012f0    00000008     (.cinit..bss.load) [load image, compression = zero_init]
                  000012f8    00000010     (__TI_cinit_table)

.init_array 
*          0    00000000    00000000     UNINITIALIZED

.bss       0    20000000    00001c2e     UNINITIALIZED
                  20000000    00000400     (.common:sp20)
                  20000400    00000400     (.common:sp40)
                  20000800    00000400     (.common:sp50)
                  20000c00    00000400     (.common:sp60)
                  20001000    00000400     (.common:sp70)
                  20001400    00000400     (.common:sp80)
                  20001800    00000400     (.common:sp90)
                  20001c00    00000028     (.common:Rx)
                  20001c28    00000004     (.common:BotonPK)
                  20001c2c    00000001     (.common:dato)
                  20001c2d    00000001     (.common:seguidor)

.data      0    20001e30    00000028     UNINITIALIZED
                  20001e30    00000014     NVIC.obj (.data)
                  20001e44    0000000a     main.obj (.data)
                  20001e4e    00000001     GPIO.obj (.data)
                  20001e4f    00000001     --HOLE--
                  20001e50    00000008     IEEE_CAN.obj (.data)

.stack     0    20001c30    00000200     UNINITIALIZED
                  20001c30    00000004     rtsv7M4_T_le_v4SPD16_eabi.lib : boot_cortex_m.c.obj (.stack)
                  20001c34    000001fc     --HOLE--

__llvm_prf_cnts 
*          0    20000000    00000000     UNINITIALIZED

MODULE SUMMARY

       Module                          code   ro data   rw data
       ------                          ----   -------   -------
    ./
       main.obj                        0      0         7179   
       NVIC.obj                        1608   0         21     
       IEEE_CAN.obj                    1488   0         48     
       tm4c1294ncpdt_startup_ccs.obj   12     520       0      
       GPIO.obj                        476    0         5      
       CAN.obj                         160    0         0      
    +--+-------------------------------+------+---------+---------+
       Total:                          3744   520       7253   
                                                               
    /home/felix/ti/ccs1281/ccs/tools/compiler/ti-cgt-arm_20.2.7.LTS/lib/rtsv7M4_T_le_v4SPD16_eabi.lib
       memcpy_t2.asm.obj               156    0         0      
       memset_t2.asm.obj               122    0         0      
       copy_decompress_lzss.c.obj      104    0         0      
       autoinit.c.obj                  68     0         0      
       boot_cortex_m.c.obj             52     0         0      
       copy_decompress_none.c.obj      14     0         0      
       copy_zero_init.c.obj            12     0         0      
       exit.c.obj                      4      0         0      
       pre_init.c.obj                  4      0         0      
    +--+-------------------------------+------+---------+---------+
       Total:                          536    0         0      
                                                               
       Stack:                          0      0         512    
       Linker Generated:               0      58        0      
    +--+-------------------------------+------+---------+---------+
       Grand Total:                    4280   578       7765   


LINKER GENERATED COPY TABLES

__TI_cinit_table @ 000012f8 records: 2, size/record: 8, table size: 16
	.data: load addr=000012c8, load size=00000016 bytes, run addr=20001e30, run size=00000028 bytes, compression=lzss
	.bss: load addr=000012f0, load size=00000008 bytes, run addr=20000000, run size=00001c2e bytes, compression=zero_init


LINKER GENERATED HANDLER TABLE

__TI_handler_table @ 000012e0 records: 3, size/record: 4, table size: 12
	index: 0, handler: __TI_decompress_lzss
	index: 1, handler: __TI_decompress_none
	index: 2, handler: __TI_zero_init


GLOBAL SYMBOLS: SORTED ALPHABETICALLY BY Name 

address   name                          
-------   ----                          
00000209  ADC0_Handler                  
20001c28  BotonPK                       
20001e51  C                             
000012bf  C$$EXIT                       
00000c59  CAN_Error                     
000008b1  CAN_Memoria_Arb               
000008f9  CAN_Memoria_CtrlMsk           
00000851  CAN_Memoria_Dato              
0000099d  CAN_Rx                        
0000097d  CAN_Tx                        
00000c15  Config_CAN                    
00000b39  Config_Puertos                
000002cf  GPIOK_Handler                 
00000305  GPIOL_Handler                 
00000d17  GPIOPortJ_Handler             
00000e21  GPIO_PortE_Init               
00000e59  GPIO_PortK_Init               
00000f6d  GPIO_PortL_Disable            
00000f01  GPIO_PortL_Init               
00000ed9  GPIO_PortN_Init               
00000ccd  Inter_CAN0                    
00000d69  Leds                          
000012af  ResetISR                      
20001c00  Rx                            
UNDEFED   SysCtlDelay                   
00000451  TIMER3_Handler                
0000072d  UART7_Handler                 
20001e52  W                             
20001e30  __STACK_END                   
00000200  __STACK_SIZE                  
20001e30  __STACK_TOP                   
000012f8  __TI_CINIT_Base               
00001308  __TI_CINIT_Limit              
000012e0  __TI_Handler_Table_Base       
000012ec  __TI_Handler_Table_Limit      
0000121d  __TI_auto_init_nobinit_nopinit
000011b3  __TI_decompress_lzss          
00001295  __TI_decompress_none          
ffffffff  __TI_pprof_out_hndl           
ffffffff  __TI_prof_data_size           
ffffffff  __TI_prof_data_start          
00000000  __TI_static_base__            
000012a3  __TI_zero_init                
00001139  __aeabi_memclr                
00001139  __aeabi_memclr4               
00001139  __aeabi_memclr8               
0000109d  __aeabi_memcpy                
0000109d  __aeabi_memcpy4               
0000109d  __aeabi_memcpy8               
0000113b  __aeabi_memset                
0000113b  __aeabi_memset4               
0000113b  __aeabi_memset8               
ffffffff  __binit__                     
ffffffff  __c_args__                    
UNDEFED   __mpu_init                    
20001c30  __stack                       
20000000  __start___llvm_prf_cnts       
20000000  __stop___llvm_prf_cnts        
00001261  _c_int00_noargs               
UNDEFED   _system_post_cinit            
000012bb  _system_pre_init              
20001e34  a                             
000012bf  abort                         
20001e38  b                             
ffffffff  binit                         
20001e50  count_int                     
20001e4e  cuenta                        
20001c2c  dato                          
20001e3c  eje_x                         
20001e40  eje_y                         
00000000  g_pfnVectors                  
20001e48  i                             
00000ffd  main                          
0000109d  memcpy                        
00001141  memset                        
20001c2d  seguidor                      
20000000  sp20                          
20000400  sp40                          
20000800  sp50                          
20000c00  sp60                          
20001000  sp70                          
20001400  sp80                          
20001800  sp90                          
20001e4c  speed_a                       
20001e4d  speed_b                       


GLOBAL SYMBOLS: SORTED BY Symbol Address 

address   name                          
-------   ----                          
00000000  __TI_static_base__            
00000000  g_pfnVectors                  
00000200  __STACK_SIZE                  
00000209  ADC0_Handler                  
000002cf  GPIOK_Handler                 
00000305  GPIOL_Handler                 
00000451  TIMER3_Handler                
0000072d  UART7_Handler                 
00000851  CAN_Memoria_Dato              
000008b1  CAN_Memoria_Arb               
000008f9  CAN_Memoria_CtrlMsk           
0000097d  CAN_Tx                        
0000099d  CAN_Rx                        
00000b39  Config_Puertos                
00000c15  Config_CAN                    
00000c59  CAN_Error                     
00000ccd  Inter_CAN0                    
00000d17  GPIOPortJ_Handler             
00000d69  Leds                          
00000e21  GPIO_PortE_Init               
00000e59  GPIO_PortK_Init               
00000ed9  GPIO_PortN_Init               
00000f01  GPIO_PortL_Init               
00000f6d  GPIO_PortL_Disable            
00000ffd  main                          
0000109d  __aeabi_memcpy                
0000109d  __aeabi_memcpy4               
0000109d  __aeabi_memcpy8               
0000109d  memcpy                        
00001139  __aeabi_memclr                
00001139  __aeabi_memclr4               
00001139  __aeabi_memclr8               
0000113b  __aeabi_memset                
0000113b  __aeabi_memset4               
0000113b  __aeabi_memset8               
00001141  memset                        
000011b3  __TI_decompress_lzss          
0000121d  __TI_auto_init_nobinit_nopinit
00001261  _c_int00_noargs               
00001295  __TI_decompress_none          
000012a3  __TI_zero_init                
000012af  ResetISR                      
000012bb  _system_pre_init              
000012bf  C$$EXIT                       
000012bf  abort                         
000012e0  __TI_Handler_Table_Base       
000012ec  __TI_Handler_Table_Limit      
000012f8  __TI_CINIT_Base               
00001308  __TI_CINIT_Limit              
20000000  __start___llvm_prf_cnts       
20000000  __stop___llvm_prf_cnts        
20000000  sp20                          
20000400  sp40                          
20000800  sp50                          
20000c00  sp60                          
20001000  sp70                          
20001400  sp80                          
20001800  sp90                          
20001c00  Rx                            
20001c28  BotonPK                       
20001c2c  dato                          
20001c2d  seguidor                      
20001c30  __stack                       
20001e30  __STACK_END                   
20001e30  __STACK_TOP                   
20001e34  a                             
20001e38  b                             
20001e3c  eje_x                         
20001e40  eje_y                         
20001e48  i                             
20001e4c  speed_a                       
20001e4d  speed_b                       
20001e4e  cuenta                        
20001e50  count_int                     
20001e51  C                             
20001e52  W                             
ffffffff  __TI_pprof_out_hndl           
ffffffff  __TI_prof_data_size           
ffffffff  __TI_prof_data_start          
ffffffff  __binit__                     
ffffffff  __c_args__                    
ffffffff  binit                         
UNDEFED   SysCtlDelay                   
UNDEFED   __mpu_init                    
UNDEFED   _system_post_cinit            

[85 symbols]
