******************************************************************************
                  TI ARM Linker Unix v20.2.7                   
******************************************************************************
>> Linked Tue Jun 16 19:25:31 2026

OUTPUT FILE NAME:   <CAN_MODULAR.out>
ENTRY POINT SYMBOL: "_c_int00_noargs"  address: 00000e1d


MEMORY CONFIGURATION

         name            origin    length      used     unused   attr    fill
----------------------  --------  ---------  --------  --------  ----  --------
  FLASH                 00000000   00100000  00000ec2  000ff13e  R  X
  SRAM                  20000000   00040000  00001e1d  0003e1e3  RW X


SEGMENT ALLOCATION MAP

run origin  load origin   length   init length attrs members
----------  ----------- ---------- ----------- ----- -------
00000000    00000000    00000ec8   00000ec8    r-x
  00000000    00000000    00000208   00000208    r-- .intvecs
  00000208    00000208    00000c8a   00000c8a    r-x .text
  00000e98    00000e98    00000030   00000030    r-- .cinit
20000000    20000000    00001e1e   00000000    rw-
  20000000    20000000    00001c07   00000000    rw- .bss
  20001c08    20001c08    00000200   00000000    rw- .stack
  20001e08    20001e08    00000016   00000000    rw- .data


SECTION ALLOCATION MAP

 output                                  attributes/
section   page    origin      length       input sections
--------  ----  ----------  ----------   ----------------
.intvecs   0    00000000    00000208     
                  00000000    00000208     tm4c1294ncpdt_startup_ccs.obj (.intvecs)

.text      0    00000208    00000c8a     
                  00000208    00000648     NVIC.obj (.text)
                  00000850    000001dc     GPIO.obj (.text)
                  00000a2c    00000128     UART.obj (.text)
                  00000b54    00000104     ADC.obj (.text)
                  00000c58    0000009c     rtsv7M4_T_le_v4SPD16_eabi.lib : memcpy_t2.asm.obj (.text)
                  00000cf4    0000007a                                   : memset_t2.asm.obj (.text)
                  00000d6e    00000068                                   : copy_decompress_lzss.c.obj (.text:decompress:lzss:__TI_decompress_lzss)
                  00000dd6    00000002     --HOLE-- [fill = 0]
                  00000dd8    00000044                                   : autoinit.c.obj (.text:__TI_auto_init_nobinit_nopinit:__TI_auto_init_nobinit_nopinit)
                  00000e1c    00000034                                   : boot_cortex_m.c.obj (.text:_c_int00_noargs:_c_int00_noargs)
                  00000e50    00000014     main.obj (.text)
                  00000e64    0000000e     rtsv7M4_T_le_v4SPD16_eabi.lib : copy_decompress_none.c.obj (.text:decompress:none:__TI_decompress_none)
                  00000e72    0000000c                                   : copy_zero_init.c.obj (.text:decompress:ZI:__TI_zero_init)
                  00000e7e    0000000c     tm4c1294ncpdt_startup_ccs.obj (.text)
                  00000e8a    00000004     rtsv7M4_T_le_v4SPD16_eabi.lib : pre_init.c.obj (.text:_system_pre_init)
                  00000e8e    00000004                                   : exit.c.obj (.text:abort:abort)

.cinit     0    00000e98    00000030     
                  00000e98    0000000c     (.cinit..data.load) [load image, compression = lzss]
                  00000ea4    0000000c     (__TI_handler_table)
                  00000eb0    00000008     (.cinit..bss.load) [load image, compression = zero_init]
                  00000eb8    00000010     (__TI_cinit_table)

.init_array 
*          0    00000000    00000000     UNINITIALIZED

.bss       0    20000000    00001c07     UNINITIALIZED
                  20000000    00000400     (.common:sp20)
                  20000400    00000400     (.common:sp40)
                  20000800    00000400     (.common:sp50)
                  20000c00    00000400     (.common:sp60)
                  20001000    00000400     (.common:sp70)
                  20001400    00000400     (.common:sp80)
                  20001800    00000400     (.common:sp90)
                  20001c00    00000004     (.common:BotonPK)
                  20001c04    00000001     (.common:cuenta)
                  20001c05    00000001     (.common:dato)
                  20001c06    00000001     (.common:seguidor)

.data      0    20001e08    00000016     UNINITIALIZED
                  20001e08    00000010     NVIC.obj (.data)
                  20001e18    00000006     main.obj (.data)

.stack     0    20001c08    00000200     UNINITIALIZED
                  20001c08    00000004     rtsv7M4_T_le_v4SPD16_eabi.lib : boot_cortex_m.c.obj (.stack)
                  20001c0c    000001fc     --HOLE--

__llvm_prf_cnts 
*          0    20000000    00000000     UNINITIALIZED

MODULE SUMMARY

       Module                          code   ro data   rw data
       ------                          ----   -------   -------
    ./
       main.obj                        20     0         7175   
       NVIC.obj                        1608   0         18     
       tm4c1294ncpdt_startup_ccs.obj   12     520       0      
       GPIO.obj                        476    0         4      
       UART.obj                        296    0         0      
       ADC.obj                         260    0         0      
    +--+-------------------------------+------+---------+---------+
       Total:                          2672   520       7197   
                                                               
    /home/felix/ti/ccs1281/ccs/tools/compiler/ti-cgt-arm_20.2.7.LTS/lib/rtsv7M4_T_le_v4SPD16_eabi.lib
       memcpy_t2.asm.obj               156    0         0      
       memset_t2.asm.obj               122    0         0      
       copy_decompress_lzss.c.obj      104    0         0      
       autoinit.c.obj                  68     0         0      
       boot_cortex_m.c.obj             52     0         0      
       copy_decompress_none.c.obj      14     0         0      
       copy_zero_init.c.obj            12     0         0      
       exit.c.obj                      4      0         0      
       pre_init.c.obj                  4      0         0      
    +--+-------------------------------+------+---------+---------+
       Total:                          536    0         0      
                                                               
       Stack:                          0      0         512    
       Linker Generated:               0      48        0      
    +--+-------------------------------+------+---------+---------+
       Grand Total:                    3208   568       7709   


LINKER GENERATED COPY TABLES

__TI_cinit_table @ 00000eb8 records: 2, size/record: 8, table size: 16
	.data: load addr=00000e98, load size=0000000c bytes, run addr=20001e08, run size=00000016 bytes, compression=lzss
	.bss: load addr=00000eb0, load size=00000008 bytes, run addr=20000000, run size=00001c07 bytes, compression=zero_init


LINKER GENERATED HANDLER TABLE

__TI_handler_table @ 00000ea4 records: 3, size/record: 4, table size: 12
	index: 0, handler: __TI_decompress_lzss
	index: 1, handler: __TI_decompress_none
	index: 2, handler: __TI_zero_init


GLOBAL SYMBOLS: SORTED ALPHABETICALLY BY Name 

address   name                          
-------   ----                          
00000209  ADC0_Handler                  
00000b55  ADC0_SS2_Init                 
20001c00  BotonPK                       
00000e8f  C$$EXIT                       
000002cf  GPIOK_Handler                 
00000305  GPIOL_Handler                 
00000851  GPIO_PortE_Init               
00000889  GPIO_PortK_Init               
0000099d  GPIO_PortL_Disable            
00000931  GPIO_PortL_Init               
00000909  GPIO_PortN_Init               
00000e7f  ResetISR                      
00000451  TIMER3_Handler                
0000072d  UART7_Handler                 
00000a2d  UART7_Init                    
20001e08  __STACK_END                   
00000200  __STACK_SIZE                  
20001e08  __STACK_TOP                   
00000eb8  __TI_CINIT_Base               
00000ec8  __TI_CINIT_Limit              
00000ea4  __TI_Handler_Table_Base       
00000eb0  __TI_Handler_Table_Limit      
00000dd9  __TI_auto_init_nobinit_nopinit
00000d6f  __TI_decompress_lzss          
00000e65  __TI_decompress_none          
ffffffff  __TI_pprof_out_hndl           
ffffffff  __TI_prof_data_size           
ffffffff  __TI_prof_data_start          
00000000  __TI_static_base__            
00000e73  __TI_zero_init                
00000cf5  __aeabi_memclr                
00000cf5  __aeabi_memclr4               
00000cf5  __aeabi_memclr8               
00000c59  __aeabi_memcpy                
00000c59  __aeabi_memcpy4               
00000c59  __aeabi_memcpy8               
00000cf7  __aeabi_memset                
00000cf7  __aeabi_memset4               
00000cf7  __aeabi_memset8               
ffffffff  __binit__                     
ffffffff  __c_args__                    
UNDEFED   __mpu_init                    
20001c08  __stack                       
20000000  __start___llvm_prf_cnts       
20000000  __stop___llvm_prf_cnts        
00000e1d  _c_int00_noargs               
UNDEFED   _system_post_cinit            
00000e8b  _system_pre_init              
20001e08  a                             
00000e8f  abort                         
20001e0c  b                             
ffffffff  binit                         
20001c04  cuenta                        
20001c05  dato                          
20001e10  eje_x                         
20001e14  eje_y                         
00000000  g_pfnVectors                  
20001e18  i                             
00000e51  main                          
00000c59  memcpy                        
00000cfd  memset                        
20001c06  seguidor                      
20000000  sp20                          
20000400  sp40                          
20000800  sp50                          
20000c00  sp60                          
20001000  sp70                          
20001400  sp80                          
20001800  sp90                          
20001e1c  speed_a                       
20001e1d  speed_b                       


GLOBAL SYMBOLS: SORTED BY Symbol Address 

address   name                          
-------   ----                          
00000000  __TI_static_base__            
00000000  g_pfnVectors                  
00000200  __STACK_SIZE                  
00000209  ADC0_Handler                  
000002cf  GPIOK_Handler                 
00000305  GPIOL_Handler                 
00000451  TIMER3_Handler                
0000072d  UART7_Handler                 
00000851  GPIO_PortE_Init               
00000889  GPIO_PortK_Init               
00000909  GPIO_PortN_Init               
00000931  GPIO_PortL_Init               
0000099d  GPIO_PortL_Disable            
00000a2d  UART7_Init                    
00000b55  ADC0_SS2_Init                 
00000c59  __aeabi_memcpy                
00000c59  __aeabi_memcpy4               
00000c59  __aeabi_memcpy8               
00000c59  memcpy                        
00000cf5  __aeabi_memclr                
00000cf5  __aeabi_memclr4               
00000cf5  __aeabi_memclr8               
00000cf7  __aeabi_memset                
00000cf7  __aeabi_memset4               
00000cf7  __aeabi_memset8               
00000cfd  memset                        
00000d6f  __TI_decompress_lzss          
00000dd9  __TI_auto_init_nobinit_nopinit
00000e1d  _c_int00_noargs               
00000e51  main                          
00000e65  __TI_decompress_none          
00000e73  __TI_zero_init                
00000e7f  ResetISR                      
00000e8b  _system_pre_init              
00000e8f  C$$EXIT                       
00000e8f  abort                         
00000ea4  __TI_Handler_Table_Base       
00000eb0  __TI_Handler_Table_Limit      
00000eb8  __TI_CINIT_Base               
00000ec8  __TI_CINIT_Limit              
20000000  __start___llvm_prf_cnts       
20000000  __stop___llvm_prf_cnts        
20000000  sp20                          
20000400  sp40                          
20000800  sp50                          
20000c00  sp60                          
20001000  sp70                          
20001400  sp80                          
20001800  sp90                          
20001c00  BotonPK                       
20001c04  cuenta                        
20001c05  dato                          
20001c06  seguidor                      
20001c08  __stack                       
20001e08  __STACK_END                   
20001e08  __STACK_TOP                   
20001e08  a                             
20001e0c  b                             
20001e10  eje_x                         
20001e14  eje_y                         
20001e18  i                             
20001e1c  speed_a                       
20001e1d  speed_b                       
ffffffff  __TI_pprof_out_hndl           
ffffffff  __TI_prof_data_size           
ffffffff  __TI_prof_data_start          
ffffffff  __binit__                     
ffffffff  __c_args__                    
ffffffff  binit                         
UNDEFED   __mpu_init                    
UNDEFED   _system_post_cinit            

[71 symbols]
