******************************************************************************
                  TI ARM Linker Unix v20.2.7                   
******************************************************************************
>> Linked Mon Jun 15 12:10:47 2026

OUTPUT FILE NAME:   <CAN_MODULAR.out>
ENTRY POINT SYMBOL: "_c_int00_noargs"  address: 0000108d


MEMORY CONFIGURATION

         name            origin    length      used     unused   attr    fill
----------------------  --------  ---------  --------  --------  ----  --------
  FLASH                 00000000   00100000  0000111e  000feee2  R  X
  SRAM                  20000000   00040000  00001e20  0003e1e0  RW X


SEGMENT ALLOCATION MAP

run origin  load origin   length   init length attrs members
----------  ----------- ---------- ----------- ----- -------
00000000    00000000    00001120   00001120    r-x
  00000000    00000000    00000208   00000208    r-- .intvecs
  00000208    00000208    00000ee6   00000ee6    r-x .text
  000010f0    000010f0    00000030   00000030    r-- .cinit
20000000    20000000    00001e22   00000000    rw-
  20000000    20000000    00001c06   00000000    rw- .bss
  20001c08    20001c08    00000200   00000000    rw- .stack
  20001e08    20001e08    0000001a   00000000    rw- .data


SECTION ALLOCATION MAP

 output                                  attributes/
section   page    origin      length       input sections
--------  ----  ----------  ----------   ----------------
.intvecs   0    00000000    00000208     
                  00000000    00000208     tm4c1294ncpdt_startup_ccs.obj (.intvecs)

.text      0    00000208    00000ee6     
                  00000208    00000648     NVIC.obj (.text)
                  00000850    000001dc     GPIO.obj (.text)
                  00000a2c    00000190     SSI.obj (.text)
                  00000bbc    00000164     main.obj (.text)
                  00000d20    00000128     UART.obj (.text)
                  00000e48    0000009c     rtsv7M4_T_le_v4SPD16_eabi.lib : memcpy_t2.asm.obj (.text)
                  00000ee4    00000080     GPTM.obj (.text)
                  00000f64    0000007a     rtsv7M4_T_le_v4SPD16_eabi.lib : memset_t2.asm.obj (.text)
                  00000fde    00000068                                   : copy_decompress_lzss.c.obj (.text:decompress:lzss:__TI_decompress_lzss)
                  00001046    00000002     --HOLE-- [fill = 0]
                  00001048    00000044                                   : autoinit.c.obj (.text:__TI_auto_init_nobinit_nopinit:__TI_auto_init_nobinit_nopinit)
                  0000108c    00000034                                   : boot_cortex_m.c.obj (.text:_c_int00_noargs:_c_int00_noargs)
                  000010c0    0000000e                                   : copy_decompress_none.c.obj (.text:decompress:none:__TI_decompress_none)
                  000010ce    0000000c                                   : copy_zero_init.c.obj (.text:decompress:ZI:__TI_zero_init)
                  000010da    0000000c     tm4c1294ncpdt_startup_ccs.obj (.text)
                  000010e6    00000004     rtsv7M4_T_le_v4SPD16_eabi.lib : pre_init.c.obj (.text:_system_pre_init)
                  000010ea    00000004                                   : exit.c.obj (.text:abort:abort)

.cinit     0    000010f0    00000030     
                  000010f0    0000000c     (.cinit..data.load) [load image, compression = lzss]
                  000010fc    0000000c     (__TI_handler_table)
                  00001108    00000008     (.cinit..bss.load) [load image, compression = zero_init]
                  00001110    00000010     (__TI_cinit_table)

.init_array 
*          0    00000000    00000000     UNINITIALIZED

.bss       0    20000000    00001c06     UNINITIALIZED
                  20000000    00000400     (.common:sp20)
                  20000400    00000400     (.common:sp40)
                  20000800    00000400     (.common:sp50)
                  20000c00    00000400     (.common:sp60)
                  20001000    00000400     (.common:sp70)
                  20001400    00000400     (.common:sp80)
                  20001800    00000400     (.common:sp90)
                  20001c00    00000004     (.common:BotonPK)
                  20001c04    00000001     (.common:dato)
                  20001c05    00000001     (.common:seguidor)

.data      0    20001e08    0000001a     UNINITIALIZED
                  20001e08    00000011     NVIC.obj (.data)
                  20001e19    00000003     --HOLE--
                  20001e1c    00000006     main.obj (.data)

.stack     0    20001c08    00000200     UNINITIALIZED
                  20001c08    00000004     rtsv7M4_T_le_v4SPD16_eabi.lib : boot_cortex_m.c.obj (.stack)
                  20001c0c    000001fc     --HOLE--

__llvm_prf_cnts 
*          0    20000000    00000000     UNINITIALIZED

MODULE SUMMARY

       Module                          code   ro data   rw data
       ------                          ----   -------   -------
    ./
       main.obj                        356    0         7175   
       NVIC.obj                        1608   0         18     
       tm4c1294ncpdt_startup_ccs.obj   12     520       0      
       GPIO.obj                        476    0         4      
       SSI.obj                         400    0         0      
       UART.obj                        296    0         0      
       GPTM.obj                        128    0         0      
    +--+-------------------------------+------+---------+---------+
       Total:                          3276   520       7197   
                                                               
    /home/felix/ti/ccs1281/ccs/tools/compiler/ti-cgt-arm_20.2.7.LTS/lib/rtsv7M4_T_le_v4SPD16_eabi.lib
       memcpy_t2.asm.obj               156    0         0      
       memset_t2.asm.obj               122    0         0      
       copy_decompress_lzss.c.obj      104    0         0      
       autoinit.c.obj                  68     0         0      
       boot_cortex_m.c.obj             52     0         0      
       copy_decompress_none.c.obj      14     0         0      
       copy_zero_init.c.obj            12     0         0      
       exit.c.obj                      4      0         0      
       pre_init.c.obj                  4      0         0      
    +--+-------------------------------+------+---------+---------+
       Total:                          536    0         0      
                                                               
       Stack:                          0      0         512    
       Linker Generated:               0      48        0      
    +--+-------------------------------+------+---------+---------+
       Grand Total:                    3812   568       7709   


LINKER GENERATED COPY TABLES

__TI_cinit_table @ 00001110 records: 2, size/record: 8, table size: 16
	.data: load addr=000010f0, load size=0000000c bytes, run addr=20001e08, run size=0000001a bytes, compression=lzss
	.bss: load addr=00001108, load size=00000008 bytes, run addr=20000000, run size=00001c06 bytes, compression=zero_init


LINKER GENERATED HANDLER TABLE

__TI_handler_table @ 000010fc records: 3, size/record: 4, table size: 12
	index: 0, handler: __TI_decompress_lzss
	index: 1, handler: __TI_decompress_none
	index: 2, handler: __TI_zero_init


GLOBAL SYMBOLS: SORTED ALPHABETICALLY BY Name 

address   name                          
-------   ----                          
00000209  ADC0_Handler                  
20001c00  BotonPK                       
000010eb  C$$EXIT                       
000002cf  GPIOK_Handler                 
00000305  GPIOL_Handler                 
00000851  GPIO_PortE_Init               
00000889  GPIO_PortK_Init               
0000099d  GPIO_PortL_Disable            
00000931  GPIO_PortL_Init               
00000909  GPIO_PortN_Init               
00000ee5  GPTM3_Init                    
000010db  ResetISR                      
00000a2d  SSI0_Init                     
00000aa7  SSI1_Init                     
00000451  TIMER3_Handler                
0000072d  UART7_Handler                 
00000d21  UART7_Init                    
20001e08  __STACK_END                   
00000200  __STACK_SIZE                  
20001e08  __STACK_TOP                   
00001110  __TI_CINIT_Base               
00001120  __TI_CINIT_Limit              
000010fc  __TI_Handler_Table_Base       
00001108  __TI_Handler_Table_Limit      
00001049  __TI_auto_init_nobinit_nopinit
00000fdf  __TI_decompress_lzss          
000010c1  __TI_decompress_none          
ffffffff  __TI_pprof_out_hndl           
ffffffff  __TI_prof_data_size           
ffffffff  __TI_prof_data_start          
00000000  __TI_static_base__            
000010cf  __TI_zero_init                
00000f65  __aeabi_memclr                
00000f65  __aeabi_memclr4               
00000f65  __aeabi_memclr8               
00000e49  __aeabi_memcpy                
00000e49  __aeabi_memcpy4               
00000e49  __aeabi_memcpy8               
00000f67  __aeabi_memset                
00000f67  __aeabi_memset4               
00000f67  __aeabi_memset8               
ffffffff  __binit__                     
ffffffff  __c_args__                    
UNDEFED   __mpu_init                    
20001c08  __stack                       
20000000  __start___llvm_prf_cnts       
20000000  __stop___llvm_prf_cnts        
0000108d  _c_int00_noargs               
UNDEFED   _system_post_cinit            
000010e7  _system_pre_init              
20001e08  a                             
000010eb  abort                         
20001e0c  b                             
ffffffff  binit                         
20001e18  cuenta                        
20001c04  dato                          
20001e10  eje_x                         
20001e14  eje_y                         
00000000  g_pfnVectors                  
20001e1c  i                             
00000bbd  main                          
00000e49  memcpy                        
00000f6d  memset                        
20001c05  seguidor                      
20000000  sp20                          
20000400  sp40                          
20000800  sp50                          
20000c00  sp60                          
20001000  sp70                          
20001400  sp80                          
20001800  sp90                          
20001e20  speed_a                       
20001e21  speed_b                       


GLOBAL SYMBOLS: SORTED BY Symbol Address 

address   name                          
-------   ----                          
00000000  __TI_static_base__            
00000000  g_pfnVectors                  
00000200  __STACK_SIZE                  
00000209  ADC0_Handler                  
000002cf  GPIOK_Handler                 
00000305  GPIOL_Handler                 
00000451  TIMER3_Handler                
0000072d  UART7_Handler                 
00000851  GPIO_PortE_Init               
00000889  GPIO_PortK_Init               
00000909  GPIO_PortN_Init               
00000931  GPIO_PortL_Init               
0000099d  GPIO_PortL_Disable            
00000a2d  SSI0_Init                     
00000aa7  SSI1_Init                     
00000bbd  main                          
00000d21  UART7_Init                    
00000e49  __aeabi_memcpy                
00000e49  __aeabi_memcpy4               
00000e49  __aeabi_memcpy8               
00000e49  memcpy                        
00000ee5  GPTM3_Init                    
00000f65  __aeabi_memclr                
00000f65  __aeabi_memclr4               
00000f65  __aeabi_memclr8               
00000f67  __aeabi_memset                
00000f67  __aeabi_memset4               
00000f67  __aeabi_memset8               
00000f6d  memset                        
00000fdf  __TI_decompress_lzss          
00001049  __TI_auto_init_nobinit_nopinit
0000108d  _c_int00_noargs               
000010c1  __TI_decompress_none          
000010cf  __TI_zero_init                
000010db  ResetISR                      
000010e7  _system_pre_init              
000010eb  C$$EXIT                       
000010eb  abort                         
000010fc  __TI_Handler_Table_Base       
00001108  __TI_Handler_Table_Limit      
00001110  __TI_CINIT_Base               
00001120  __TI_CINIT_Limit              
20000000  __start___llvm_prf_cnts       
20000000  __stop___llvm_prf_cnts        
20000000  sp20                          
20000400  sp40                          
20000800  sp50                          
20000c00  sp60                          
20001000  sp70                          
20001400  sp80                          
20001800  sp90                          
20001c00  BotonPK                       
20001c04  dato                          
20001c05  seguidor                      
20001c08  __stack                       
20001e08  __STACK_END                   
20001e08  __STACK_TOP                   
20001e08  a                             
20001e0c  b                             
20001e10  eje_x                         
20001e14  eje_y                         
20001e18  cuenta                        
20001e1c  i                             
20001e20  speed_a                       
20001e21  speed_b                       
ffffffff  __TI_pprof_out_hndl           
ffffffff  __TI_prof_data_size           
ffffffff  __TI_prof_data_start          
ffffffff  __binit__                     
ffffffff  __c_args__                    
ffffffff  binit                         
UNDEFED   __mpu_init                    
UNDEFED   _system_post_cinit            

[73 symbols]
